// Jest Snapshot v1, https://goo.gl/fbAQLP

exports[`<Gif /> toMatchSnapshot 1`] = `
<div
  className="Smartphone-s165niw0-0 bMKjgM"
  onClick={[Function]}
  onMouseEnter={[Function]}
  onMouseLeave={[Function]}
  style={
    Object {
      "background": false,
    }
  }
>
  <div
    className="GifContainer-s1wbubqp-0 fvwRPH"
  >
    <div
      className="Play-s10ikt1c-0 gLlmwW"
    />
    <div
      className="Gif__Sizer-s1j91rz1-0 gpJmvZ"
    />
    <video
      autoPlay={false}
      loop={true}
      muted={true}
      playsInline={true}
      poster="https://thumbs.gfycat.com/test-poster.jpg"
      preload="none"
      style={
        Object {
          "height": "100%",
          "left": 0,
          "position": "absolute",
          "top": 0,
          "width": "100%",
        }
      }
    >
      <track
        kind="captions"
      />
      <source
        src="https://giant.gfycat.com/test.webm"
        type="video/webm"
      />
      <source
        src="https://giant.gfycat.com/test.mp4"
        type="video/mp4"
      />
    </video>
  </div>
  <div
    className="Button__ButtonContainer-s1yo1pni-0 kZcYqm"
  >
    <div
      className="Button-s1yo1pni-1 ewehdc"
      onClick={[Function]}
      onFocus={[Function]}
      onMouseLeave={[Function]}
      onMouseOver={[Function]}
    />
  </div>
</div>
`;
