// Jest Snapshot v1, https://goo.gl/fbAQLP

exports[`<Love /> toMatchSnapshot 1`] = `
<div
  className="Icon-s7tm2sn-0 jglmtW"
  onClick={undefined}
>
  <svg
    fill="none"
    height={22}
    stroke="#fff"
    strokeLinecap="round"
    strokeLinejoin="round"
    strokeWidth="2"
    viewBox="0 0 24 24"
    width={22}
    xmlns="http://www.w3.org/2000/svg"
  >
    <path
      d="M20.84 4.61a5.5 5.5 0 0 0-7.78 0L12 5.67l-1.06-1.06a5.5 5.5 0 0 0-7.78 7.78l1.06 1.06L12 21.23l7.78-7.78 1.06-1.06a5.5 5.5 0 0 0 0-7.78z"
    />
  </svg>
  <span
    className="Icon__Label-s7tm2sn-1 grNILv"
  >
    0
  </span>
</div>
`;
