// Jest Snapshot v1, https://goo.gl/fbAQLP

exports[`<MailchimpForm /> toMatchSnapshot 1`] = `
<div
  className="MailchimpForm__Container-s1jd0qpd-0 loDsvJ"
>
  <div
    className="CleanHr-u75eti-0 fnhkPK"
  />
  <form
    action="test"
    className="MailchimpForm-s1jd0qpd-1 fHspRs"
    method="POST"
    name="form"
    noValidate=""
    target="_blank"
  >
    <input
      className="MailchimpForm__MailchimpInput-s1jd0qpd-3 boglBc"
      name="EMAIL"
      onChange={[Function]}
      placeholder="Enter email"
      required="required"
      type="email"
      value="test@email.com"
    />
    <button
      className="MailchimpForm__MailchimpButton-s1jd0qpd-4 jIwtxb"
      type="submit"
    >
      <span
        className="Hideable-lb4mgy-0 bDYHzV"
      >
        <strong>
          JOIN
        </strong>
      </span>
      <span
        className="Hideable-lb4mgy-0 UfVDy"
      >
        <svg
          fill="none"
          height="24"
          stroke="currentColor"
          strokeLinecap="round"
          strokeLinejoin="round"
          strokeWidth="2"
          viewBox="0 0 24 24"
          width="24"
          xmlns="http://www.w3.org/2000/svg"
        >
          <polyline
            points="20 6 9 17 4 12"
          />
        </svg>
      </span>
    </button>
    <input
      name="TYPE"
      type="hidden"
      value="test"
    />
  </form>
  <small
    className="MailchimpForm__SmallLabel-s1jd0qpd-2 guIjDO"
  >
    Join yet 
    <strong>
      1
    </strong>
     members
  </small>
</div>
`;
