// Jest Snapshot v1, https://goo.gl/fbAQLP

exports[`<ViewIcon /> toMatchSnapshot 1`] = `
<div
  className="Icon-s7tm2sn-0 cXvtWu"
>
  <svg
    fill="none"
    height={22}
    stroke="#fff"
    strokeLinecap="round"
    strokeLinejoin="round"
    strokeWidth="2"
    viewBox="0 0 24 24"
    width={22}
    xmlns="http://www.w3.org/2000/svg"
  >
    <path
      d="M1 12s4-8 11-8 11 8 11 8-4 8-11 8-11-8-11-8z"
    />
    <circle
      cx="12"
      cy="12"
      r="3"
    />
  </svg>
  <span
    className="Icon__Label-s7tm2sn-1 grNILv"
  >
    0
  </span>
</div>
`;
